../Drivers/BSP/Components/hts221/hts221.c:92:9:HTS221_RegisterBusIO	24	static
../Drivers/BSP/Components/hts221/hts221.c:133:9:HTS221_Init	16	static
../Drivers/BSP/Components/hts221/hts221.c:153:9:HTS221_DeInit	16	static
../Drivers/BSP/Components/hts221/hts221.c:179:9:HTS221_ReadID	16	static
../Drivers/BSP/Components/hts221/hts221.c:195:9:HTS221_GetCapabilities	16	static
../Drivers/BSP/Components/hts221/hts221.c:218:9:HTS221_Get_Init_Status	16	static
../Drivers/BSP/Components/hts221/hts221.c:235:9:HTS221_HUM_Enable	16	static
../Drivers/BSP/Components/hts221/hts221.c:264:9:HTS221_HUM_Disable	16	static
../Drivers/BSP/Components/hts221/hts221.c:294:9:HTS221_HUM_GetOutputDataRate	16	static
../Drivers/BSP/Components/hts221/hts221.c:305:9:HTS221_HUM_SetOutputDataRate	16	static
../Drivers/BSP/Components/hts221/hts221.c:316:9:HTS221_HUM_GetHumidity	40	static
../Drivers/BSP/Components/hts221/hts221.c:368:9:HTS221_HUM_Get_DRDY_Status	16	static
../Drivers/BSP/Components/hts221/hts221.c:383:9:HTS221_TEMP_Enable	16	static
../Drivers/BSP/Components/hts221/hts221.c:412:9:HTS221_TEMP_Disable	16	static
../Drivers/BSP/Components/hts221/hts221.c:442:9:HTS221_TEMP_GetOutputDataRate	16	static
../Drivers/BSP/Components/hts221/hts221.c:453:9:HTS221_TEMP_SetOutputDataRate	16	static
../Drivers/BSP/Components/hts221/hts221.c:464:9:HTS221_TEMP_GetTemperature	40	static
../Drivers/BSP/Components/hts221/hts221.c:506:9:HTS221_TEMP_Get_DRDY_Status	16	static
../Drivers/BSP/Components/hts221/hts221.c:521:9:HTS221_Set_One_Shot	16	static
../Drivers/BSP/Components/hts221/hts221.c:545:9:HTS221_Get_One_Shot_Status	24	static
../Drivers/BSP/Components/hts221/hts221.c:581:9:HTS221_Read_Reg	24	static
../Drivers/BSP/Components/hts221/hts221.c:598:9:HTS221_Write_Reg	16	static
../Drivers/BSP/Components/hts221/hts221.c:622:16:HTS221_GetOutputDataRate	24	static
../Drivers/BSP/Components/hts221/hts221.c:664:16:HTS221_SetOutputDataRate	24	static
../Drivers/BSP/Components/hts221/hts221.c:685:16:HTS221_Initialize	16	static
../Drivers/BSP/Components/hts221/hts221.c:713:9:HTS221_Enable_DRDY_Interrupt	16	static
../Drivers/BSP/Components/hts221/hts221.c:729:14:Linear_Interpolation	16	static
../Drivers/BSP/Components/hts221/hts221.c:742:16:ReadRegWrap	40	static
../Drivers/BSP/Components/hts221/hts221.c:766:16:WriteRegWrap	40	static
