../Drivers/BSP/Components/lps22hb/lps22hb.c:92:9:LPS22HB_RegisterBusIO	24	static
../Drivers/BSP/Components/lps22hb/lps22hb.c:150:9:LPS22HB_Init	16	static
../Drivers/BSP/Components/lps22hb/lps22hb.c:170:9:LPS22HB_DeInit	16	static
../Drivers/BSP/Components/lps22hb/lps22hb.c:196:9:LPS22HB_ReadID	16	static
../Drivers/BSP/Components/lps22hb/lps22hb.c:212:9:LPS22HB_GetCapabilities	16	static
../Drivers/BSP/Components/lps22hb/lps22hb.c:235:9:LPS22HB_Get_Init_Status	16	static
../Drivers/BSP/Components/lps22hb/lps22hb.c:252:9:LPS22HB_PRESS_Enable	16	static
../Drivers/BSP/Components/lps22hb/lps22hb.c:276:9:LPS22HB_PRESS_Disable	16	static
../Drivers/BSP/Components/lps22hb/lps22hb.c:312:9:LPS22HB_PRESS_GetOutputDataRate	16	static
../Drivers/BSP/Components/lps22hb/lps22hb.c:323:9:LPS22HB_PRESS_SetOutputDataRate	16	static
../Drivers/BSP/Components/lps22hb/lps22hb.c:342:9:LPS22HB_PRESS_GetPressure	24	static
../Drivers/BSP/Components/lps22hb/lps22hb.c:363:9:LPS22HB_PRESS_Get_DRDY_Status	16	static
../Drivers/BSP/Components/lps22hb/lps22hb.c:378:9:LPS22HB_TEMP_Enable	16	static
../Drivers/BSP/Components/lps22hb/lps22hb.c:402:9:LPS22HB_TEMP_Disable	16	static
../Drivers/BSP/Components/lps22hb/lps22hb.c:438:9:LPS22HB_TEMP_GetOutputDataRate	16	static
../Drivers/BSP/Components/lps22hb/lps22hb.c:449:9:LPS22HB_TEMP_SetOutputDataRate	16	static
../Drivers/BSP/Components/lps22hb/lps22hb.c:468:9:LPS22HB_TEMP_GetTemperature	24	static
../Drivers/BSP/Components/lps22hb/lps22hb.c:489:9:LPS22HB_TEMP_Get_DRDY_Status	16	static
../Drivers/BSP/Components/lps22hb/lps22hb.c:505:9:LPS22HB_FIFO_Get_Data	24	static
../Drivers/BSP/Components/lps22hb/lps22hb.c:526:9:LPS22HB_FIFO_Get_FTh_Status	16	static
../Drivers/BSP/Components/lps22hb/lps22hb.c:542:9:LPS22HB_FIFO_Get_Full_Status	16	static
../Drivers/BSP/Components/lps22hb/lps22hb.c:563:9:LPS22HB_FIFO_Get_Level	16	static
../Drivers/BSP/Components/lps22hb/lps22hb.c:579:9:LPS22HB_FIFO_Get_Ovr_Status	16	static
../Drivers/BSP/Components/lps22hb/lps22hb.c:595:9:LPS22HB_FIFO_Reset_Interrupt	16	static
../Drivers/BSP/Components/lps22hb/lps22hb.c:630:9:LPS22HB_FIFO_Set_Interrupt	16	static
../Drivers/BSP/Components/lps22hb/lps22hb.c:665:9:LPS22HB_FIFO_Set_Mode	16	static
../Drivers/BSP/Components/lps22hb/lps22hb.c:696:9:LPS22HB_FIFO_Set_Watermark_Level	16	static
../Drivers/BSP/Components/lps22hb/lps22hb.c:712:9:LPS22HB_FIFO_Usage	16	static
../Drivers/BSP/Components/lps22hb/lps22hb.c:730:9:LPS22HB_Read_Reg	24	static
../Drivers/BSP/Components/lps22hb/lps22hb.c:747:9:LPS22HB_Write_Reg	16	static
../Drivers/BSP/Components/lps22hb/lps22hb.c:771:9:LPS22HB_Get_Temp	24	static
../Drivers/BSP/Components/lps22hb/lps22hb.c:792:16:LPS22HB_GetOutputDataRate	24	static
../Drivers/BSP/Components/lps22hb/lps22hb.c:842:16:LPS22HB_SetOutputDataRate_When_Enabled	24	static
../Drivers/BSP/Components/lps22hb/lps22hb.c:871:16:LPS22HB_SetOutputDataRate_When_Disabled	16	static
../Drivers/BSP/Components/lps22hb/lps22hb.c:887:16:LPS22HB_Initialize	16	static
../Drivers/BSP/Components/lps22hb/lps22hb.c:937:9:LPS22HB_Set_One_Shot	16	static
../Drivers/BSP/Components/lps22hb/lps22hb.c:960:9:LPS22HB_Get_One_Shot_Status	24	static
../Drivers/BSP/Components/lps22hb/lps22hb.c:997:16:ReadRegWrap	48	static
../Drivers/BSP/Components/lps22hb/lps22hb.c:1030:16:WriteRegWrap	48	static
