../Core/Src/main.c:124:5:main	88	static
../Core/Src/main.c:230:6:SystemClock_Config	96	static
../Core/Src/main.c:291:13:MX_CRC_Init	8	static
../Core/Src/main.c:322:13:MX_DFSDM1_Init	8	static
../Core/Src/main.c:360:13:MX_QUADSPI_Init	8	static
../Core/Src/main.c:393:13:MX_SPI3_Init	8	static
../Core/Src/main.c:433:13:MX_USART1_UART_Init	8	static
../Core/Src/main.c:468:13:MX_USART3_UART_Init	8	static
../Core/Src/main.c:503:13:MX_USB_OTG_FS_PCD_Init	8	static
../Core/Src/main.c:538:13:MX_GPIO_Init	48	static
../Core/Src/main.c:721:6:cycle	4	static
../Core/Src/main.c:726:6:HAL_SYSTICK_Callback	4	static
../Core/Src/main.c:731:13:init_LPS22HB	48	static
../Core/Src/main.c:764:13:init_LIS3MDL	56	static
../Core/Src/main.c:800:13:init_HTS221	48	static
../Core/Src/main.c:828:13:init_LSM6DSL	48	static
../Core/Src/main.c:869:6:HAL_GPIO_EXTI_Callback	16	static
../Core/Src/main.c:879:5:_write	24	static
../Core/Src/main.c:885:13:AI_Init	16	static
../Core/Src/main.c:901:13:AI_Run	24	static
../Core/Src/main.c:918:17:argmax	32	static
../Core/Src/main.c:936:6:Error_Handler	8	static
